// Jest Snapshot v1, https://goo.gl/fbAQLP

exports[`<Info /> container tests should render and match the snapshot 1`] = `
<body>
  <div>
    <div
      class="ant-row ant-row-center ant-row-middle"
      flex="1 1 90%"
      style="height: 100vh;"
    >
      <div
        class="ant-col"
      >
        <div
          class="css-1n04s6m"
          style="min-width: 30rem;"
        >
          <div
            class="ant-card ant-card-bordered"
          >
            <div
              class="ant-card-head"
            >
              <div
                class="ant-card-head-wrapper"
              >
                <div
                  class="ant-card-head-title"
                >
                  <div
                    class="ant-row ant-row-space-between ant-row-middle"
                    data-testid="title"
                  >
                    <div
                      class="ant-skeleton ant-skeleton-active"
                    >
                      <div
                        class="ant-skeleton-content"
                      >
                        <h3
                          class="ant-skeleton-title"
                          style="width: 38%;"
                        />
                        <ul
                          class="ant-skeleton-paragraph"
                        >
                          <li />
                          <li />
                          <li
                            style="width: 61%;"
                          />
                        </ul>
                      </div>
                    </div>
                  </div>
                </div>
              </div>
            </div>
            <div
              class="ant-card-body"
            >
              <div
                class="ant-skeleton ant-skeleton-active"
              >
                <div
                  class="ant-skeleton-content"
                >
                  <h3
                    class="ant-skeleton-title"
                    style="width: 38%;"
                  />
                  <ul
                    class="ant-skeleton-paragraph"
                  >
                    <li />
                    <li />
                    <li
                      style="width: 61%;"
                    />
                  </ul>
                </div>
              </div>
            </div>
          </div>
        </div>
      </div>
    </div>
  </div>
</body>
`;
