// Jest Snapshot v1, https://goo.gl/fbAQLP

exports[`<ErrorState /> should render and match the snapshot 1`] = `
<body>
  <div>
    <div
      class="ant-card ant-card-bordered css-ottl98"
      color="grey"
      data-testid="error-state"
    >
      <div
        class="ant-card-head"
      >
        <div
          class="ant-card-head-wrapper"
        >
          <div
            class="ant-card-head-title"
          >
            Repository List
          </div>
        </div>
      </div>
      <div
        class="ant-card-body"
      >
        <span
          class="css-1xtaqd2"
          data-testid="text"
        >
          Search for a repository by entering it's name in the search box
        </span>
      </div>
    </div>
  </div>
</body>
`;
