// Jest Snapshot v1, https://goo.gl/fbAQLP

exports[`<Text /> should render and match the snapshot 1`] = `
<body>
  <div>
    <span
      class="css-1xtaqd2"
      data-testid="text"
    >
      default
    </span>
  </div>
</body>
`;
