// Jest Snapshot v1, https://goo.gl/fbAQLP

exports[`<Clickable /> component tests should render and match the snapshot 1`] = `
<body>
  <div>
    <div
      class="css-1t4a5nm"
      data-testid="clickable"
    />
  </div>
</body>
`;
