// Jest Snapshot v1, https://goo.gl/fbAQLP

exports[`<Recommended /> should render and match the snapshot 1`] = `
<body>
  <div>
    <div
      class="ant-row"
      data-testid="recommended"
    >
      <div
        class="ant-col"
      >
        <span
          class="ant-tag css-1k0kp82"
        >
          test repo name
        </span>
      </div>
    </div>
  </div>
</body>
`;
